O problema com o c√≥digo √© que a vari√°vel x √© usada sem ser inicializada. 
Isso pode levar a resultados imprevis√≠veis e indefinidos, pois o valor inicial 
de x √© indeterminado. 

Para corrigir isso, √© necess√°rio inicializar a vari√°vel x antes de us√°-la.

------------------------------------------------------------------------------------------------------------------------------------------------------------------------------------------------------------------------------------------------------------

SCRIPT ANTES DA CORRE√á√ÉO

Script started on Thu Apr  6 00:48:03 2023
[1m[7m%[27m[1m[0m                                                                                                                           
 

[0m[27m[24m[Jbelatavaresp@MacBook-Pro-de-Izabela Aula_Pratica_3_ED % [K[?2004hexitvalgrind --leak-check=full ./c11c[33Dlldb c11c                        [24D[9Dgcc -g c11correto.c -o c11c[27Dvalgrind --leak-check=full ./c11[32Dlldb c11                        [24D[8Dgcc -g c11.c -o c11[1C[P[9C [10D2.c -o c11[9D[1C[1C[1C[1C[1C[1C[1C[1C[1C 2[?2004l

[1m[7m%[27m[1m[0m                                                                                                                           
 

[0m[27m[24m[Jbelatavaresp@MacBook-Pro-de-Izabela Aula_Pratica_3_ED % [K[?2004hllldb c12[?2004l

(lldb) target create "c12"
Current executable set to '/Users/belatavaresp/Documents/GitHub/Aula_Pratica_3_ED/c12' (x86_64).
(lldb) [1G[2m(lldb) [22m[8Gr
Process 1474 launched: '/Users/belatavaresp/Documents/GitHub/Aula_Pratica_3_ED/c12' (x86_64)
Process 1474 exited with status = 0 (0x00000000) 
(lldb) [1G[2m(lldb) [22m[8Gr[1G[2m(lldb) [22m[9Gquit[1G[2m(lldb) [22m[12Gr[K[1G[2m(lldb) [22m[9Gquit[1G[2m(lldb) [22m[12Gcontinue[1G[2m(lldb) [22m[16G[8Gr[K[1G[2m(lldb) [22m[9Gbreakpoint set --file c11.c --line 9[1G[2m(lldb) [22m[44G[P.[1G[2m(lldb) [22m[32G[1@2.[1G[2m(lldb) [22m[33G.c --line 9[K[1G[2m(lldb) [22m[43G5
Breakpoint 1: where = c12`main + 15 at c12.c:6:10, address = 0x0000000100003f5f
(lldb) [1G[2m(lldb) [22m[8Gr
Process 1508 launched: '/Users/belatavaresp/Documents/GitHub/Aula_Pratica_3_ED/c12' (x86_64)
Process 1508 stopped
* thread #1, queue = [32m'com.apple.main-thread'[0m, stop reason = [31mbreakpoint 1.1[0m
    frame #0: [33m0x0000000100003f5f[0m c12`main at [36mc12.c[0m:[33m6[0m:[33m10[0m
[33m  [0m 3   	[32mint[0m main()
[33m  [0m 4   	{
[33m  [0m 5   	    [32mint[0m x;
[33m->[0m 6   	    [32mif[0m(x [4m==[0m [31m0[0m) {
[33m  [0m 7   	        printf("X is zero"); 
[33m  [0m 8   	    }
[33m  [0m 9   	    [32mreturn[0m [31m0[0m;
Target 0: (c12) stopped.
(lldb) [1G[2m(lldb) [22m[8Gcontinue
Process 1508 resuming
Process 1508 exited with status = 0 (0x00000000) 
(lldb) [1G[2m(lldb) [22m[8Gquit
[1m[7m%[27m[1m[0m                                                                                                                           
 

[0m[27m[24m[Jbelatavaresp@MacBook-Pro-de-Izabela Aula_Pratica_3_ED % [K[?2004hlldb c12[8Dgcc -g c12.c -o c12[19Dexit               [15Dvalgrind --leak-check=full ./c11c  2[?2004l

==1521== Memcheck, a memory error detector
==1521== Copyright (C) 2002-2022, and GNU GPL'd, by Julian Seward et al.
==1521== Using Valgrind-3.21.0.GIT-lbmacos and LibVEX; rerun with -h for copyright info
==1521== Command: ./c12
==1521== 
==1521== Conditional jump or move depends on uninitialised value(s)
==1521==    at 0x100003F63: main (c12.c:6)
==1521== 
==1521== 
==1521== HEAP SUMMARY:
==1521==     in use at exit: 13,963 bytes in 161 blocks
==1521==   total heap usage: 175 allocs, 14 frees, 18,707 bytes allocated
==1521== 
==1521== LEAK SUMMARY:
==1521==    definitely lost: 0 bytes in 0 blocks
==1521==    indirectly lost: 0 bytes in 0 blocks
==1521==      possibly lost: 0 bytes in 0 blocks
==1521==    still reachable: 2,048 bytes in 1 blocks
==1521==         suppressed: 11,915 bytes in 160 blocks
==1521== Reachable blocks (those to which a pointer was found) are not shown.
==1521== To see them, rerun with: --leak-check=full --show-leak-kinds=all
==1521== 
==1521== Use --track-origins=yes to see where uninitialised values come from
==1521== For lists of detected and suppressed errors, rerun with: -s
==1521== ERROR SUMMARY: 1 errors from 1 contexts (suppressed: 7 from 7)
[1m[7m%[27m[1m[0m                                                                                                                           
 

[0m[27m[24m[Jbelatavaresp@MacBook-Pro-de-Izabela Aula_Pratica_3_ED % [K[?2004hvalgrind --leak-check=full ./c12[32Dlldb c12                        [24D[8Dgcc -g c12.c -o c12[19Dexit               [15Dvalgrind --leak-check=full ./c11c[33Dlldb c11c                        [24D[9Dgcc -g c11correto.c -o c11c[P[17C [18D2correto.c -o c11c[17D[1C[1C[1C[1C[1C[1C[1C[1C[1C[1C[1C[1C[1C[1C[1C[1Cc 2c[?2004l

[1m[7m%[27m[1m[0m                                                                                                                           
 
------------------------------------------------------------------------------------------------------------------------------------------------------------------------------------------------------------------------------------------------------------

SCRIPT DEPOIS DA CORRE√á√ÉO

[0m[27m[24m[Jbelatavaresp@MacBook-Pro-de-Izabela Aula_Pratica_3_ED % [K[?2004hllldb c12c[?2004l

(lldb) target create "c12c"
Current executable set to '/Users/belatavaresp/Documents/GitHub/Aula_Pratica_3_ED/c12c' (x86_64).
(lldb) [1G[2m(lldb) [22m[8Gr
Process 1548 launched: '/Users/belatavaresp/Documents/GitHub/Aula_Pratica_3_ED/c12c' (x86_64)
X is zeroProcess 1548 exited with status = 0 (0x00000000) 
(lldb) [1G[2m(lldb) [22m[8Gquit
[1m[7m%[27m[1m[0m                                                                                                                           
 

[0m[27m[24m[Jbelatavaresp@MacBook-Pro-de-Izabela Aula_Pratica_3_ED % [K[?2004hlldb c12c[9Dgcc -g c12correto.c -o c12c[27Dvalgrind --leak-check=full ./c12c[?2004l

==1559== Memcheck, a memory error detector
==1559== Copyright (C) 2002-2022, and GNU GPL'd, by Julian Seward et al.
==1559== Using Valgrind-3.21.0.GIT-lbmacos and LibVEX; rerun with -h for copyright info
==1559== Command: ./c12c
==1559== 
X is zero==1559== 
==1559== HEAP SUMMARY:
==1559==     in use at exit: 18,059 bytes in 162 blocks
==1559==   total heap usage: 176 allocs, 14 frees, 22,803 bytes allocated
==1559== 
==1559== LEAK SUMMARY:
==1559==    definitely lost: 0 bytes in 0 blocks
==1559==    indirectly lost: 0 bytes in 0 blocks
==1559==      possibly lost: 0 bytes in 0 blocks
==1559==    still reachable: 2,048 bytes in 1 blocks
==1559==         suppressed: 16,011 bytes in 161 blocks
==1559== Reachable blocks (those to which a pointer was found) are not shown.
==1559== To see them, rerun with: --leak-check=full --show-leak-kinds=all
==1559== 
==1559== For lists of detected and suppressed errors, rerun with: -s
==1559== ERROR SUMMARY: 0 errors from 0 contexts (suppressed: 7 from 7)
[1m[7m%[27m[1m[0m                                                                                                                           
 

[0m[27m[24m[Jbelatavaresp@MacBook-Pro-de-Izabela Aula_Pratica_3_ED % [K[?2004heexit[?2004l


Script done on Thu Apr  6 00:49:31 2023
